// Jest Snapshot v1, https://goo.gl/fbAQLP

exports[`HomeComponent should render correctly 1`] = `
<styled.div>
  <Component />
</styled.div>
`;
